
> frontend@0.1.0 build
> react-scripts build

Creating an optimized production build...
Compiled with warnings.

[eslint] 
src\pages\Dashboard.jsx
  Line 25:8:  React Hook useCallback has an unnecessary dependency: 'user'. Either exclude it or remove the dependency array  react-hooks/exhaustive-deps

src\pages\Savings.jsx
  Line 14:12:  'isSavingGoal' is assigned a value but never used  no-unused-vars

Search for the keywords to learn more about each warning.
To ignore, add // eslint-disable-next-line to the line before.

File sizes after gzip:

  180.34 kB  build\static\js\main.392ee296.js
  3.73 kB    build\static\css\main.d553c66e.css

The project was built assuming it is hosted at /.
You can control this with the homepage field in your package.json.

The build folder is ready to be deployed.
You may serve it with a static server:

  npm install -g serve
  serve -s build

Find out more about deployment here:

  https://cra.link/deployment

